// Jest Snapshot v1, https://goo.gl/fbAQLP

exports[`WalletView it renders correctly 1`] = `
.c12 {
  display: -webkit-inline-box;
  display: -webkit-inline-flex;
  display: -ms-inline-flexbox;
  display: inline-flex;
  -webkit-box-pack: center;
  -webkit-justify-content: center;
  -ms-flex-pack: center;
  justify-content: center;
  -webkit-align-items: center;
  -webkit-box-align: center;
  -ms-flex-align: center;
  align-items: center;
  text-align: center;
  white-space: nowrap;
  cursor: pointer;
  gap: 0.75rem;
  padding: 0.5em 0.75em;
  color: var(--black);
  border-width: 1px;
  border-style: solid;
  border-radius: 8px;
  border-color: var(--black);
  background: transparent;
  color: var(--white);
  border-color: var(--green-medium);
  background: var(--green-medium);
}

.c12 svg path {
  stroke: var(--black);
}

.c12:hover {
  color: var(--purple-medium);
  border-color: var(--purple-medium);
}

.c12:hover svg path {
  stroke: var(--purple-medium);
}

.c12:active {
  color: var(--white) !important;
  border-color: var(--purple-medium) !important;
  background: var(--purple-medium) !important;
}

.c12:active svg path {
  stroke: var(--white) !important;
}

.c12 svg path {
  stroke: var(--white);
}

.c12:hover {
  color: var(--green-medium);
  border-color: var(--green-medium);
  background: var(--white);
}

.c12:hover svg path {
  stroke: var(--green-medium);
}

.c8 {
  width: 24;
  height: 24;
}

.c2 {
  padding: 1.5em;
  border-radius: 8px;
  overflow: hidden;
  text-align: center;
  word-break: break-word;
}

.c2 > *:first-child {
  margin-top: 0;
}

.c2 > *:last-child {
  margin-bottom: 0;
}

.c2 > svg:first-child {
  display: block;
  margin: 0 auto 1em;
}

.c2 > h2:first-child {
  margin: 0;
}

.c2 header:first-child {
  margin: -1.5em -1.5em 1.5em -1.5em;
  padding: 1.5em;
  background-color: var(--purple-medium);
  color: var(--white);
}

.c3 {
  background-color: var(--purple-medium);
  color: var(--white);
}

.c3 hr {
  border-color: var(--white);
}

.c10 {
  border: 1px solid var(--black);
}

.c10 hr {
  border-color: var(--black);
}

.c0 {
  position: relative;
  margin: 3rem 1.5rem;
}

.c0 > *:first-child {
  margin-top: 0;
}

.c0 > *:last-child {
  margin-bottom: 0;
}

.c5 h4 {
  margin: 0;
  color: var(--gray-dark);
}

.c5 p {
  margin: 0;
  line-height: 1.5;
}

.c7 {
  position: relative;
  cursor: pointer;
}

.c7 svg {
  -webkit-transition: -webkit-transform 0.1s ease-out;
  -webkit-transition: transform 0.1s ease-out;
  transition: transform 0.1s ease-out;
}

.c7 .copy-text {
  position: absolute;
  top: calc(50% - 0.2em);
  left: calc(100% + 0.25em);
  color: var(--white);
  opacity: 0;
  -webkit-transform: translateY(-50%);
  -ms-transform: translateY(-50%);
  transform: translateY(-50%);
  -webkit-transition: opacity 0.2s ease-in;
  transition: opacity 0.2s ease-in;
  pointer-events: none;
}

.c7:hover svg {
  -webkit-transform: scale(1.25);
  -ms-transform: scale(1.25);
  transform: scale(1.25);
}

.c7:hover .copy-text {
  opacity: 1;
  pointer-events: all;
}

.c6 {
  display: -webkit-box;
  display: -webkit-flex;
  display: -ms-flexbox;
  display: flex;
  gap: 0.25em;
  line-height: 1.5;
}

.c6 > a {
  color: var(--white);
  -webkit-text-decoration: none;
  text-decoration: none;
}

.c6 > a:hover {
  color: var(--white);
  -webkit-text-decoration: underline;
  text-decoration: underline;
}

.c6 > a svg {
  -webkit-transition: 0.24s ease-in-out;
  transition: 0.24s ease-in-out;
  vertical-align: middle;
}

.c6 > a svg:hover {
  -webkit-transform: scale(1.25);
  -ms-transform: scale(1.25);
  transform: scale(1.25);
  fill: var(--purple-medium);
}

.c9 {
  display: -webkit-box;
  display: -webkit-flex;
  display: -ms-flexbox;
  display: flex;
  -webkit-flex-direction: column;
  -ms-flex-direction: column;
  flex-direction: column;
  gap: var(--space-m);
}

.c9 > p,
.c9 > hr {
  margin: 0.5em 0;
}

.c9 > p[role='button'] {
  margin: 0;
}

.c4 {
  display: -webkit-box;
  display: -webkit-flex;
  display: -ms-flexbox;
  display: flex;
  -webkit-flex-direction: column;
  -ms-flex-direction: column;
  flex-direction: column;
  -webkit-box-pack: justify;
  -webkit-justify-content: space-between;
  -ms-flex-pack: justify;
  justify-content: space-between;
  width: 18em;
  height: 18em;
}

.c4 h3 {
  margin-top: 0;
  text-align: left;
}

.c4 h4 {
  color: var(--purple-light);
  text-align: left;
}

.c4 .buttons button:hover {
  color: var(--purple-medium);
  border-color: var(--white);
  background-color: var(--white);
}

.c4 .buttons button:active {
  color: var(--purple-medium) !important;
  border-color: var(--purple-light) !important;
  background-color: var(--purple-light) !important;
}

.c11 {
  display: -webkit-box;
  display: -webkit-flex;
  display: -ms-flexbox;
  display: flex;
  -webkit-flex-direction: column;
  -ms-flex-direction: column;
  flex-direction: column;
  -webkit-box-pack: justify;
  -webkit-justify-content: space-between;
  -ms-flex-pack: justify;
  justify-content: space-between;
  width: 18em;
  height: 18em;
}

.c11 .title {
  display: -webkit-box;
  display: -webkit-flex;
  display: -ms-flexbox;
  display: flex;
  -webkit-align-items: center;
  -webkit-box-align: center;
  -ms-flex-align: center;
  align-items: center;
  -webkit-box-pack: justify;
  -webkit-justify-content: space-between;
  -ms-flex-pack: justify;
  justify-content: space-between;
  font-size: var(--font-size-l);
  margin-bottom: 1em;
}

.c11 .title h3 {
  margin: 0;
}

.c11 .title .toggle {
  display: -webkit-box;
  display: -webkit-flex;
  display: -ms-flexbox;
  display: flex;
  gap: var(--space-m);
  font-size: 1rem;
}

.c11 .title .toggle span {
  color: var(--gray-dark);
}

.c11 .title .toggle span.active {
  color: var(--black);
}

.c11 .title .toggle span:hover {
  cursor: pointer;
  -webkit-text-decoration: underline;
  text-decoration: underline;
}

.c11 hr {
  margin: 0;
}

.c11 .balance {
  font-size: var(--font-size-xxl);
  font-weight: 700;
}

.c1 {
  display: -webkit-box;
  display: -webkit-flex;
  display: -ms-flexbox;
  display: flex;
  gap: var(--space-l);
}

@media (min-width:868px) {
  .c0 {
    margin: 3rem;
  }
}

<div
  class="c0"
>
  <div
    class="c1"
  >
    <div
      class="c2 c3 c4"
    >
      <div>
        <h3>
          Account
        </h3>
        <hr />
        <div
          class="c5"
        >
          <h4>
            Your Address
          </h4>
          <div
            class="c6"
            color="var(--white)"
          >
            <a
              href="https://explorer-calibration.glif.link/actor/?address=t1z225tguggx4onbauimqvxzutopzdr2m4s6z6wgi"
              rel="noreferrer noopener"
              target="_blank"
            >
              t1z225 ... 6z6wgi
            </a>
            <span
              class="c7"
              color="var(--white)"
              role="button"
            >
              <svg
                class="c8"
                fill="none"
                height="24"
                viewBox="0 0 24 24"
                width="24"
                xmlns="http://www.w3.org/2000/svg"
              >
                <rect
                  fill="#1A0066"
                  height="12"
                  width="12"
                  x="8"
                  y="4"
                />
                <rect
                  fill="#E0D7FE"
                  height="12"
                  width="12"
                  x="4"
                  y="8"
                />
              </svg>
              <span
                class="copy-text"
              >
                Copy
              </span>
            </span>
          </div>
        </div>
      </div>
      <div
        class="buttons"
      >
        <div
          class="c9"
        />
      </div>
    </div>
    <div
      class="c2 c10 c11"
    >
      <div>
        <div
          class="title"
        >
          <h3>
            Balance
          </h3>
          <div
            class="toggle"
          >
            <span
              class="active"
            >
              Approx.
            </span>
            <span
              class=""
            >
              Exact
            </span>
          </div>
        </div>
        <hr />
      </div>
      <p
        class="balance"
      >
        1
         FIL
      </p>
      <button
        class="c12"
      >
        Send
      </button>
    </div>
  </div>
</div>
`;
