// Jest Snapshot v1, https://goo.gl/fbAQLP

exports[`WalletDown it renders the error page 1`] = `
.c0 {
  min-width: 0;
  box-sizing: border-box;
  border: 1px solid;
  border-radius: 4px;
  border-width: 1px;
  border-color: #FC6D6F;
  padding: 16px;
  background-color: #FC6D6F;
  color: #660000;
  display: -webkit-box;
  display: -webkit-flex;
  display: -ms-flexbox;
  display: flex;
  width: 100%;
  max-width: 560px;
  min-height: 300px;
  overflow: hidden;
  -webkit-flex-direction: column;
  -ms-flex-direction: column;
  flex-direction: column;
}

.c1 {
  min-width: 0;
  box-sizing: border-box;
}

.c2 {
  min-width: 0;
  box-sizing: border-box;
  border-width: 0.1875rem;
  border-radius: 8px;
  border-style: solid;
  color: #660000;
  display: -webkit-box;
  display: -webkit-flex;
  display: -ms-flexbox;
  display: flex;
  width: 48px;
  height: 48px;
  -webkit-align-items: center;
  -webkit-box-align: center;
  -ms-flex-align: center;
  align-items: center;
  -webkit-box-pack: center;
  -webkit-justify-content: center;
  -ms-flex-pack: center;
  justify-content: center;
}

.c6 {
  min-width: 0;
  box-sizing: border-box;
  margin-top: 32px;
  text-align: center;
}

.c3 {
  font-family: "RT-Alias-Medium","system-ui","Segoe UI","Roboto",Helvetica;
  font-weight: 700;
  font-size: 1.5rem;
}

.c4 {
  font-size: 1.5rem;
  font-weight: 400;
  line-height: 1.2;
  font-family: RT-Alias-Grotesk;
  margin: 0;
  margin-top: 24px;
  margin-bottom: 8px;
}

.c5 {
  font-size: 1.125rem;
  font-weight: 400;
  line-height: 1.4;
  font-family: RT-Alias-Grotesk;
}

.c7 {
  cursor: pointer;
  border: 1px solid #262626;
  background-color: transparent;
  border-color: #262626;
  color: #262626;
  font-size: 1.125rem;
  -webkit-transition: 0.18s ease-in-out;
  transition: 0.18s ease-in-out;
  border-radius: 4px;
  padding-top: 8px;
  padding-bottom: 8px;
  padding-left: 16px;
  padding-right: 16px;
  height: 48px;
  border-width: 1px;
  border-radius: 4px;
}

.c7:hover {
  opacity: 0.8;
}

<div>
  <div
    class="c0"
    color="card.error.foreground"
    display="flex"
    overflow="hidden"
    style="word-break: break-word;"
    width="100%"
  >
    <div
      class="c1"
    >
      <div
        class="c2"
        color="status.fail.foreground"
        display="flex"
        size="6"
      >
        <h3
          class="c3"
        >
          Er
        </h3>
      </div>
      <h2
        class="c4"
        font-family="RT-Alias-Grotesk"
        font-size="4"
        font-weight="400"
      >
        Oops! Something went wrong.
      </h2>
      <p
        class="c5"
        font-family="RT-Alias-Grotesk"
        font-size="2"
        font-weight="400"
      >
        We've been notified of the outage and expect to be back up and running again shortly.
      </p>
    </div>
  </div>
  <div
    class="c6"
  >
    <button
      class="c7"
      font-size="3"
      height="6"
      type="button"
    >
      Back
    </button>
  </div>
</div>
`;
