// Jest Snapshot v1, https://goo.gl/fbAQLP

exports[`Glyph renders the glyph 1`] = `
.c0 {
  min-width: 0;
  box-sizing: border-box;
  border-width: 0.1875rem;
  border-radius: 8px;
  border-style: solid;
  border-color: #5E26FF;
  background-color: #5E26FF;
  color: #ffffff;
  display: -webkit-box;
  display: -webkit-flex;
  display: -ms-flexbox;
  display: flex;
  width: 48px;
  height: 48px;
  -webkit-align-items: center;
  -webkit-box-align: center;
  -ms-flex-align: center;
  align-items: center;
  -webkit-box-pack: center;
  -webkit-justify-content: center;
  -ms-flex-pack: center;
  justify-content: center;
}

.c1 {
  font-family: "RT-Alias-Medium","system-ui","Segoe UI","Roboto",Helvetica;
  font-weight: 700;
  font-size: 1.5rem;
}

<div
  class="c0"
  color="core.white"
  display="flex"
  size="6"
>
  <h3
    class="c1"
  >
    Sw
  </h3>
</div>
`;
